Microchip MPLAB XC8 Compiler V1.33 ()

Linker command line:

--edf=C:\Program Files (x86)\Microchip\xc8\v1.33\dat\en_msgs.txt -cs \
  -h+Bordario_PA4-3.sym --cmf=Bordario_PA4-3.cmf -z -Q16F877A \
  -oC:\Users\SABORD~1\AppData\Local\Temp\sh3o.6 -MBordario_PA4-3.map -E1 \
  -ver=XC8 -ASTACK=0110h-016fh -pstack=STACK -ACONST=00h-0FFhx32 \
  -ACODE=00h-07FFhx4 -ASTRCODE=00h-01FFFh -AENTRY=00h-0FFhx32 \
  -ASTRING=00h-0FFhx32 -ACOMMON=070h-07Fh -ABANK0=020h-06Fh \
  -ABANK1=0A0h-0EFh -ABANK2=0110h-016Fh -ABANK3=0190h-01EFh \
  -ARAM=020h-06Fh,0A0h-0EFh,0110h-016Fh,0190h-01EFh \
  -AABS1=020h-07Fh,0A0h-0EFh,0110h-016Fh,0190h-01EFh -ASFR0=00h-01Fh \
  -ASFR1=080h-09Fh -ASFR2=0100h-010Fh -ASFR3=0180h-018Fh \
  -preset_vec=00h,intentry=04h,init,end_init -ppowerup=CODE -pcinit=CODE \
  -pfunctab=CODE -ACONFIG=02007h-02007h -pconfig=CONFIG -DCONFIG=2 \
  -AIDLOC=02000h-02003h -pidloc=IDLOC -DIDLOC=2 -AEEDATA=00h-0FFh/02100h \
  -peeprom_data=EEDATA -DEEDATA=2 -DCODE=2 -DSTRCODE=2 -DSTRING=2 -DCONST=2 \
  -DENTRY=2 -k startup.obj Bordario_PA4-3.obj 

Object code version is 3.11

Machine type is 16F877A



                Name                               Link     Load   Length Selector   Space Scale
startup.obj     end_init                             12       12        3        8       0
                reset_vec                             0        0        3        0       0
Bordario_PA4-3.obj
                cinit                                15       15        6        8       0
                intentry                              4        4        E        8       0
                text2                                1B       1B       5B        8       0
                text1                                76       76       42        8       0
                maintext                             B8       B8       1C        8       0
                cstackBANK0                          20       20        6       20       1
                cstackCOMMON                         70       70        9       70       1
                bssCOMMON                            79       79        2       70       1

TOTAL           Name                               Link     Load   Length     Space
        CLASS   STACK          

        CLASS   CONST          

        CLASS   CODE           
                end_init                             12       12        3         0
                cinit                                15       15        6         0
                intentry                              4        4        E         0
                reset_vec                             0        0        3         0
                text2                                1B       1B       5B         0
                text1                                76       76       42         0
                maintext                             B8       B8       1C         0

        CLASS   STRCODE        

        CLASS   ENTRY          

        CLASS   STRING         

        CLASS   COMMON         
                cstackCOMMON                         70       70        9         1
                bssCOMMON                            79       79        2         1

        CLASS   BANK0          
                cstackBANK0                          20       20        6         1

        CLASS   BANK1          

        CLASS   BANK2          

        CLASS   BANK3          

        CLASS   RAM            

        CLASS   ABS1           
                abs_s1                               7E       7E        2         1

        CLASS   SFR0           

        CLASS   SFR1           

        CLASS   SFR2           

        CLASS   SFR3           

        CLASS   CONFIG         

        CLASS   IDLOC          

        CLASS   EEDATA         



SEGMENTS        Name                           Load    Length   Top    Selector   Space  Class     Delta

                reset_vec                      000000  000003  000003         0       0  CODE        2
                intentry                       000004  0000D0  0000D4         8       0  CODE        2
                cstackBANK0                    000020  000006  000026        20       1  BANK0       1
                cstackCOMMON                   000070  00000B  00007B        70       1  COMMON      1


UNUSED ADDRESS RANGES

        Name                Unused          Largest block    Delta
        BANK0            026-06F            4A           1
        BANK1            0A0-0EF            50           1
        BANK2            110-16F            60           1
        BANK3            190-1EF            60           1
        CODE             003-003             1           2
                         0D4-1FFF           800
        COMMON           07B-07D             3           1
        CONFIG           2007-2007             1           2
        CONST            003-003             1           2
                         0D4-1FFF           100
        EEDATA           2100-21FF           100           2
        ENTRY            003-003             1           2
                         0D4-1FFF           100
        IDLOC            2000-2003             4           2
        RAM              026-06F            4A           1
                         0A0-0EF            50
                         110-16F            60
                         190-1EF            60
        SFR0             000-01F            20           1
        SFR1             080-09F            20           1
        SFR2             100-10F            10           1
        SFR3             180-18F            10           1
        STACK            110-16F            60           1
        STRCODE          003-003             1           2
                         0D4-1FFF          1F2C
        STRING           003-003             1           2
                         0D4-1FFF           100

                                  Symbol Table

?___awdiv                cstackCOMMON 070
_ADCON1                  (abs)        09F
_CCP1CON                 (abs)        017
_CCP1IE                  (abs)        462
_CCP1IF                  (abs)        062
_CCPR1H                  (abs)        016
_CCPR1L                  (abs)        015
_GIE                     (abs)        05F
_ISR                     text1        076
_PEIE                    (abs)        05E
_RA0                     (abs)        028
_T1CON                   (abs)        010
_TMR1                    (abs)        00E
_TMR1ON                  (abs)        080
_TRISA                   (abs)        085
_TRISC                   (abs)        087
__Habs1                  abs1         000
__Hbank0                 bank0        000
__Hbank1                 bank1        000
__Hbank2                 bank2        000
__Hbank3                 bank3        000
__HbssCOMMON             bssCOMMON    000
__Hcinit                 cinit        01B
__Hclrtext               clrtext      000
__Hcode                  code         000
__Hcommon                common       000
__Hconfig                config       000
__HcstackBANK0           cstackBANK0  000
__HcstackCOMMON          cstackCOMMON 000
__Heeprom_data           eeprom_data  000
__Hend_init              end_init     015
__Hfunctab               functab      000
__Hidloc                 idloc        000
__Hinit                  init         012
__Hintentry              intentry     012
__Hmaintext              maintext     000
__Hpowerup               powerup      000
__Hram                   ram          000
__Hreset_vec             reset_vec    003
__Hsfr0                  sfr0         000
__Hsfr1                  sfr1         000
__Hsfr2                  sfr2         000
__Hsfr3                  sfr3         000
__Hspace_0               (abs)        0D4
__Hspace_1               (abs)        07B
__Hspace_2               (abs)        000
__Hspace_3               (abs)        000
__Hstack                 stack        000
__Hstrings               strings      000
__Htext                  text         000
__Labs1                  abs1         000
__Lbank0                 bank0        000
__Lbank1                 bank1        000
__Lbank2                 bank2        000
__Lbank3                 bank3        000
__LbssCOMMON             bssCOMMON    000
__Lcinit                 cinit        015
__Lclrtext               clrtext      000
__Lcode                  code         000
__Lcommon                common       000
__Lconfig                config       000
__LcstackBANK0           cstackBANK0  000
__LcstackCOMMON          cstackCOMMON 000
__Leeprom_data           eeprom_data  000
__Lend_init              end_init     012
__Lfunctab               functab      000
__Lidloc                 idloc        000
__Linit                  init         012
__Lintentry              intentry     004
__Lmaintext              maintext     000
__Lpowerup               powerup      000
__Lram                   ram          000
__Lreset_vec             reset_vec    000
__Lsfr0                  sfr0         000
__Lsfr1                  sfr1         000
__Lsfr2                  sfr2         000
__Lsfr3                  sfr3         000
__Lspace_0               (abs)        000
__Lspace_1               (abs)        000
__Lspace_2               (abs)        000
__Lspace_3               (abs)        000
__Lstack                 stack        000
__Lstrings               strings      000
__Ltext                  text         000
__S0                     (abs)        0D4
__S1                     (abs)        07B
__S2                     (abs)        000
__S3                     (abs)        000
___awdiv                 text2        01B
___awdiv@counter         cstackCOMMON 075
___awdiv@dividend        cstackCOMMON 072
___awdiv@divisor         cstackCOMMON 070
___awdiv@quotient        cstackCOMMON 077
___awdiv@sign            cstackCOMMON 076
___int_sp                stack        000
___latbits               (abs)        002
___sp                    stack        000
__end_of_ISR             text1        0B8
__end_of___awdiv         text2        076
__end_of__initialization cinit        017
__end_of_main            maintext     0D4
__initialization         cinit        015
__pbssCOMMON             bssCOMMON    079
__pcstackBANK0           cstackBANK0  020
__pcstackCOMMON          cstackCOMMON 070
__pintentry              intentry     004
__pmaintext              maintext     0B8
__ptext0                 text0        000
__ptext1                 text1        076
__ptext2                 text2        01B
__size_of_ISR            (abs)        000
__size_of___awdiv        (abs)        000
__size_of_main           (abs)        000
_main                    maintext     0B8
_period                  bssCOMMON    079
btemp                    (abs)        07E
end_of_initialization    cinit        017
interrupt_function       intentry     004
intlevel0                functab      000
intlevel1                functab      000
intlevel2                functab      000
intlevel3                functab      000
intlevel4                functab      000
intlevel5                functab      000
ltemp                    (abs)        07E
ltemp0                   (abs)        07E
ltemp1                   (abs)        082
ltemp2                   (abs)        086
ltemp3                   (abs)        080
reset_vec                reset_vec    000
saved_w                  (abs)        07E
stackhi                  (abs)        000
stacklo                  (abs)        000
start                    init         012
start_initialization     cinit        015
ttemp                    (abs)        07E
ttemp0                   (abs)        07E
ttemp1                   (abs)        081
ttemp2                   (abs)        084
ttemp3                   (abs)        087
ttemp4                   (abs)        07F
wtemp                    (abs)        07E
wtemp0                   (abs)        07E
wtemp1                   (abs)        080
wtemp2                   (abs)        082
wtemp3                   (abs)        084
wtemp4                   (abs)        086
wtemp5                   (abs)        088
wtemp6                   (abs)        07F


FUNCTION INFORMATION:

 *************** function _main *****************
 Defined at:
		line 21 in file "Z:\CPE3201 - Bordario\PracticalActivities\PA4\Bordario_PA4-3.c"
 Parameters:    Size  Location     Type
		None
 Auto vars:     Size  Location     Type
		None
 Return value:  Size  Location     Type
		None               void
 Registers used:
		wreg, status,2
 Tracked objects:
		On entry : 
		On exit  : 
		Unchanged: 
 Data sizes:     COMMON   BANK0   BANK1   BANK3   BANK2
      Params:         0       0       0       0       0
      Locals:         0       0       0       0       0
      Temps:          0       0       0       0       0
      Totals:         0       0       0       0       0
Total ram usage:        0 bytes
 Hardware stack levels required when called:    2
 This function calls:
		Nothing
 This function is called by:
		Startup code after reset
 This function uses a non-reentrant model


 *************** function _ISR *****************
 Defined at:
		line 5 in file "Z:\CPE3201 - Bordario\PracticalActivities\PA4\Bordario_PA4-3.c"
 Parameters:    Size  Location     Type
		None
 Auto vars:     Size  Location     Type
		None
 Return value:  Size  Location     Type
		None               void
 Registers used:
		wreg, status,2, status,0, pclath, cstack
 Tracked objects:
		On entry : 
		On exit  : 
		Unchanged: 
 Data sizes:     COMMON   BANK0   BANK1   BANK3   BANK2
      Params:         0       0       0       0       0
      Locals:         0       0       0       0       0
      Temps:          0       6       0       0       0
      Totals:         0       6       0       0       0
Total ram usage:        6 bytes
 Hardware stack levels used:    1
 Hardware stack levels required when called:    1
 This function calls:
		___awdiv
 This function is called by:
		Interrupt level 1
 This function uses a non-reentrant model


 *************** function ___awdiv *****************
 Defined at:
		line 6 in file "C:\Program Files (x86)\Microchip\xc8\v1.33\sources\common\awdiv.c"
 Parameters:    Size  Location     Type
  divisor         2    0[COMMON] int 
  dividend        2    2[COMMON] int 
 Auto vars:     Size  Location     Type
  quotient        2    7[COMMON] int 
  sign            1    6[COMMON] unsigned char 
  counter         1    5[COMMON] unsigned char 
 Return value:  Size  Location     Type
                  2    0[COMMON] int 
 Registers used:
		wreg, status,2, status,0
 Tracked objects:
		On entry : 
		On exit  : 
		Unchanged: 
 Data sizes:     COMMON   BANK0   BANK1   BANK3   BANK2
      Params:         4       0       0       0       0
      Locals:         4       0       0       0       0
      Temps:          1       0       0       0       0
      Totals:         9       0       0       0       0
Total ram usage:        9 bytes
 Hardware stack levels used:    1
 This function calls:
		Nothing
 This function is called by:
		_ISR
 This function uses a non-reentrant model



MODULE INFORMATION

Module		Function		Class		Link	Load	Size
C:\Program Files (x86)\Microchip\xc8\v1.33\sources\common\awdiv.c
		___awdiv       		CODE           	001B	0000	91

C:\Program Files (x86)\Microchip\xc8\v1.33\sources\common\awdiv.c estimated size: 91

shared
		__initializatio		CODE           	0015	0000	2

shared estimated size: 2

Z:\CPE3201 - Bordario\PracticalActivities\PA4\Bordario_PA4-3.c
		_ISR           		CODE           	0076	0000	66
		_main          		CODE           	00B8	0000	28

Z:\CPE3201 - Bordario\PracticalActivities\PA4\Bordario_PA4-3.c estimated size: 94

