Microchip MPLAB XC8 Compiler V1.33 ()

Linker command line:

--edf=C:\Program Files (x86)\Microchip\xc8\v1.33\dat\en_msgs.txt -cs \
  -h+Bordario_PA4-6.sym --cmf=Bordario_PA4-6.cmf -z -w9 -Q16F877A \
  -MBordario_PA4-6.map -E1 -ver=XC8 -ACONST=00h-0FFhx32 -ACODE=00h-07FFhx4 \
  -ASTRCODE=00h-01FFFh -AENTRY=00h-0FFhx32 -ASTRING=00h-0FFhx32 \
  -ACOMMON=070h-07Fh -ABANK0=020h-06Fh -ABANK1=0A0h-0EFh \
  -ABANK2=0110h-016Fh -ABANK3=0190h-01EFh \
  -ARAM=020h-06Fh,0A0h-0EFh,0110h-016Fh,0190h-01EFh \
  -AABS1=020h-07Fh,0A0h-0EFh,0110h-016Fh,0190h-01EFh -ASFR0=00h-01Fh \
  -ASFR1=080h-09Fh -ASFR2=0100h-010Fh -ASFR3=0180h-018Fh \
  -preset_vec=00h,intentry,init,end_init -ppowerup=CODE -pcinit=CODE \
  -pfunctab=CODE -ACONFIG=02007h-02007h -pconfig=CONFIG -DCONFIG=2 \
  -AIDLOC=02000h-02003h -pidloc=IDLOC -DIDLOC=2 -AEEDATA=00h-0FFh/02100h \
  -peeprom_data=EEDATA -DEEDATA=2 -DCODE=2 -DSTRCODE=2 -DSTRING=2 -DCONST=2 \
  -DENTRY=2 -k startup.obj Bordario_PA4-6.obj 

Object code version is 3.11

Machine type is 16F877A



                Name                               Link     Load   Length Selector   Space Scale
startup.obj     end_init                              E        E        4        0       0
Bordario_PA4-6.obj
                cinit                               7F8      7F8        8      FF0       0
                intentry                              0        0        E        0       0
                text12                              6C2      6C2       5B      D84       0
                text11                              5FE      5FE       3E      BFC       0
                text10                              54D      54D       13      A9A       0
                text9                               53D      53D       10      A7A       0
                text8                               5A0      5A0       28      B40       0
                text7                               539      539        4      A72       0
                text6                               573      573       14      AE6       0
                text5                               560      560       13      AC0       0
                text4                               587      587       19      B0E       0
                text3                               63C      63C       40      C78       0
                text2                               5C8      5C8       36      B90       0
                text1                               71D      71D       DB      E3A       0
                maintext                            67C      67C       46      CF8       0
                cstackBANK0                          20       20       34       20       1
                cstackCOMMON                         70       70        9       70       1
                bssBANK0                             54       54        2       20       1
                bssCOMMON                            79       79        2       70       1
                strings                              12       12       1E       24       0

TOTAL           Name                               Link     Load   Length     Space
        CLASS   CONST          

        CLASS   CODE           
                end_init                              E        E        4         0
                cinit                               7F8      7F8        8         0
                intentry                              0        0        E         0
                text12                              6C2      6C2       5B         0
                text11                              5FE      5FE       3E         0
                text10                              54D      54D       13         0
                text9                               53D      53D       10         0
                text8                               5A0      5A0       28         0
                text7                               539      539        4         0
                text6                               573      573       14         0
                text5                               560      560       13         0
                text4                               587      587       19         0
                text3                               63C      63C       40         0
                text2                               5C8      5C8       36         0
                text1                               71D      71D       DB         0
                maintext                            67C      67C       46         0

        CLASS   STRCODE        

        CLASS   ENTRY          

        CLASS   STRING         
                strings                              12       12       1E         0

        CLASS   COMMON         
                cstackCOMMON                         70       70        9         1
                bssCOMMON                            79       79        2         1

        CLASS   BANK0          
                cstackBANK0                          20       20       34         1
                bssBANK0                             54       54        2         1

        CLASS   BANK1          

        CLASS   BANK2          

        CLASS   BANK3          

        CLASS   RAM            

        CLASS   ABS1           
                abs_s1                               7E       7E        2         1

        CLASS   SFR0           

        CLASS   SFR1           

        CLASS   SFR2           

        CLASS   SFR3           

        CLASS   CONFIG         

        CLASS   IDLOC          

        CLASS   EEDATA         

        CLASS   STACK          



SEGMENTS        Name                           Load    Length   Top    Selector   Space  Class     Delta

                reset_vec                      000000  000012  000012         0       0  CODE        2
                cstackBANK0                    000020  000036  000056        20       1  BANK0       1
                strings                        000012  00001E  000030        24       0  STRING      2
                cstackCOMMON                   000070  00000B  00007B        70       1  COMMON      1
                text7                          000539  000004  00053D       A72       0  CODE        2
                text9                          00053D  000010  00054D       A7A       0  CODE        2
                text10                         00054D  000013  000560       A9A       0  CODE        2
                text5                          000560  000013  000573       AC0       0  CODE        2
                text6                          000573  000014  000587       AE6       0  CODE        2
                text4                          000587  000019  0005A0       B0E       0  CODE        2
                text8                          0005A0  000028  0005C8       B40       0  CODE        2
                text2                          0005C8  000036  0005FE       B90       0  CODE        2
                text11                         0005FE  00003E  00063C       BFC       0  CODE        2
                text3                          00063C  000040  00067C       C78       0  CODE        2
                maintext                       00067C  000046  0006C2       CF8       0  CODE        2
                text12                         0006C2  00005B  00071D       D84       0  CODE        2
                text1                          00071D  0000DB  0007F8       E3A       0  CODE        2
                cinit                          0007F8  000008  000800       FF0       0  CODE        2


UNUSED ADDRESS RANGES

        Name                Unused          Largest block    Delta
        BANK0            0056-006F             1A           1
        BANK1            00A0-00EF             50           1
        BANK2            0110-016F             60           1
        BANK3            0190-01EF             60           1
        CODE             0030-0538            509           2
                         0800-1FFF            800
        COMMON           007B-007D              3           1
        CONFIG           2007-2007              1           2
        CONST            0030-0538            100           2
                         0800-1FFF            100
        EEDATA           2100-21FF            100           2
        ENTRY            0030-0538            100           2
                         0800-1FFF            100
        IDLOC            2000-2003              4           2
        RAM              0056-006F             1A           1
                         00A0-00EF             50
                         0110-016F             60
                         0190-01EF             60
        SFR0             0000-001F             20           1
        SFR1             0080-009F             20           1
        SFR2             0100-010F             10           1
        SFR3             0180-018F             10           1
        STRCODE          0030-0538            509           2
                         0800-1FFF           1800
        STRING           0030-0538            100           2
                         0800-1FFF            100

                                  Symbol Table

?___awdiv                  cstackCOMMON 0070
?___lwdiv                  cstackBANK0  0026
?___lwmod                  cstackBANK0  002E
?_sprintf                  cstackBANK0  0034
Lcd_Set_Cursor@address     cstackBANK0  002C
Lcd_Set_Cursor@col         cstackBANK0  0029
Lcd_Set_Cursor@row         cstackBANK0  002B
Lcd_Write_String@str       cstackBANK0  002A
_CCP1CON                   (abs)        0017
_CCP1IE                    (abs)        0462
_CCP1IF                    (abs)        0062
_CCPR1H                    (abs)        0016
_CCPR1L                    (abs)        0015
_GIE                       (abs)        005F
_ISR                       text11       05FE
_Lcd_Clear                 text9        053D
_Lcd_Init                  text7        0539
_Lcd_Set_Cursor            text6        0573
_Lcd_Write_String          text4        0587
_PEIE                      (abs)        005E
_PORTB                     (abs)        0006
_RC0                       (abs)        0038
_RC1                       (abs)        0039
_RC2                       (abs)        003A
_T1CON                     (abs)        0010
_TMR1                      (abs)        000E
_TMR1ON                    (abs)        0080
_TRISC                     (abs)        0087
__Habs1                    abs1         0000
__Hbank0                   bank0        0000
__Hbank1                   bank1        0000
__Hbank2                   bank2        0000
__Hbank3                   bank3        0000
__HbssBANK0                bssBANK0     0000
__HbssCOMMON               bssCOMMON    0000
__Hcinit                   cinit        0800
__Hclrtext                 clrtext      0000
__Hcode                    code         0000
__Hcommon                  common       0000
__Hconfig                  config       0000
__HcstackBANK0             cstackBANK0  0000
__HcstackCOMMON            cstackCOMMON 0000
__Heeprom_data             eeprom_data  0000
__Hend_init                end_init     0012
__Hfunctab                 functab      0000
__Hidloc                   idloc        0000
__Hinit                    init         000E
__Hintentry                intentry     000E
__Hmaintext                maintext     0000
__Hpowerup                 powerup      0000
__Hram                     ram          0000
__Hreset_vec               reset_vec    0000
__Hsfr0                    sfr0         0000
__Hsfr1                    sfr1         0000
__Hsfr2                    sfr2         0000
__Hsfr3                    sfr3         0000
__Hspace_0                 (abs)        0800
__Hspace_1                 (abs)        007B
__Hspace_2                 (abs)        0000
__Hspace_3                 (abs)        0000
__Hstack                   stack        0000
__Hstrings                 strings      0000
__Htext                    text         0000
__Labs1                    abs1         0000
__Lbank0                   bank0        0000
__Lbank1                   bank1        0000
__Lbank2                   bank2        0000
__Lbank3                   bank3        0000
__LbssBANK0                bssBANK0     0000
__LbssCOMMON               bssCOMMON    0000
__Lcinit                   cinit        07F8
__Lclrtext                 clrtext      0000
__Lcode                    code         0000
__Lcommon                  common       0000
__Lconfig                  config       0000
__LcstackBANK0             cstackBANK0  0000
__LcstackCOMMON            cstackCOMMON 0000
__Leeprom_data             eeprom_data  0000
__Lend_init                end_init     000E
__Lfunctab                 functab      0000
__Lidloc                   idloc        0000
__Linit                    init         000E
__Lintentry                intentry     0000
__Lmaintext                maintext     0000
__Lpowerup                 powerup      0000
__Lram                     ram          0000
__Lreset_vec               reset_vec    0000
__Lsfr0                    sfr0         0000
__Lsfr1                    sfr1         0000
__Lsfr2                    sfr2         0000
__Lsfr3                    sfr3         0000
__Lspace_0                 (abs)        0000
__Lspace_1                 (abs)        0000
__Lspace_2                 (abs)        0000
__Lspace_3                 (abs)        0000
__Lstack                   stack        0000
__Lstrings                 strings      0000
__Ltext                    text         0000
__S0                       (abs)        0800
__S1                       (abs)        007B
__S3                       (abs)        0000
___awdiv                   text12       06C2
___awdiv@counter           cstackCOMMON 0075
___awdiv@dividend          cstackCOMMON 0072
___awdiv@divisor           cstackCOMMON 0070
___awdiv@quotient          cstackCOMMON 0077
___awdiv@sign              cstackCOMMON 0076
___int_sp                  stack        0000
___latbits                 (abs)        0002
___lwdiv                   text3        063C
___lwdiv@counter           cstackBANK0  002D
___lwdiv@dividend          cstackBANK0  0028
___lwdiv@divisor           cstackBANK0  0026
___lwdiv@quotient          cstackBANK0  002B
___lwmod                   text2        05C8
___lwmod@counter           cstackBANK0  0033
___lwmod@dividend          cstackBANK0  0030
___lwmod@divisor           cstackBANK0  002E
___sp                      stack        0000
__end_of_ISR               text11       063C
__end_of_Lcd_Clear         text9        054D
__end_of_Lcd_Init          text7        053D
__end_of_Lcd_Set_Cursor    text6        0587
__end_of_Lcd_Write_String  text4        05A0
__end_of___awdiv           text12       071D
__end_of___lwdiv           text3        067C
__end_of___lwmod           text2        05FE
__end_of__initialization   cinit        07FC
__end_of__stringdata       strings      0030
__end_of__stringtab        strings      0018
__end_of_dataCtrl          text5        0573
__end_of_dpowers           strings      0022
__end_of_initLCD           text8        05C8
__end_of_instCtrl          text10       0560
__end_of_main              maintext     06C2
__end_of_sprintf           text1        07F8
__initialization           cinit        07F8
__pbssBANK0                bssBANK0     0054
__pbssCOMMON               bssCOMMON    0079
__pcstackBANK0             cstackBANK0  0020
__pcstackCOMMON            cstackCOMMON 0070
__pintentry                intentry     0000
__pmaintext                maintext     067C
__pstrings                 strings      0012
__ptext1                   text1        071D
__ptext10                  text10       054D
__ptext11                  text11       05FE
__ptext12                  text12       06C2
__ptext2                   text2        05C8
__ptext3                   text3        063C
__ptext4                   text4        0587
__ptext5                   text5        0560
__ptext6                   text6        0573
__ptext7                   text7        0539
__ptext8                   text8        05A0
__ptext9                   text9        053D
__size_of_ISR              (abs)        0000
__size_of_Lcd_Clear        (abs)        0000
__size_of_Lcd_Init         (abs)        0000
__size_of_Lcd_Set_Cursor   (abs)        0000
__size_of_Lcd_Write_String (abs)        0000
__size_of___awdiv          (abs)        0000
__size_of___lwdiv          (abs)        0000
__size_of___lwmod          (abs)        0000
__size_of_dataCtrl         (abs)        0000
__size_of_initLCD          (abs)        0000
__size_of_instCtrl         (abs)        0000
__size_of_main             (abs)        0000
__size_of_sprintf          (abs)        0000
__stringbase               strings      0017
__stringdata               strings      0022
__stringtab                strings      0012
_dataCtrl                  text5        0560
_delay                                      
_delay$0                   cstackBANK0  0026
_dpowers                   strings      0018
_initLCD                   text8        05A0
_instCtrl                  text10       054D
_main                      maintext     067C
_period                    bssCOMMON    0079
_period_ready              bssBANK0     0054
_sprintf                   text1        071D
btemp                      (abs)        007E
dataCtrl@INST              cstackBANK0  0028
end_of_initialization      cinit        07FC
instCtrl@INST              cstackBANK0  0028
interrupt_function         intentry     0000
intlevel0                  functab      0000
intlevel1                  functab      0000
intlevel2                  functab      0000
intlevel3                  functab      0000
intlevel4                  functab      0000
intlevel5                  functab      0000
ltemp                      (abs)        007E
ltemp0                     (abs)        007E
ltemp1                     (abs)        0082
ltemp2                     (abs)        0086
ltemp3                     (abs)        0080
main@lcd_buffer            cstackBANK0  0044
reset_vec                  reset_vec    0000
saved_w                    (abs)        007E
sprintf@_val               cstackBANK0  003D
sprintf@ap                 cstackBANK0  003A
sprintf@c                  cstackBANK0  0042
sprintf@f                  cstackBANK0  0034
sprintf@flag               cstackBANK0  003B
sprintf@prec               cstackBANK0  003C
sprintf@sp                 cstackBANK0  0041
stackhi                    (abs)        0000
stacklo                    (abs)        0000
start                      init         000E
start_initialization       cinit        07F8
ttemp                      (abs)        007E
ttemp0                     (abs)        007E
ttemp1                     (abs)        0081
ttemp2                     (abs)        0084
ttemp3                     (abs)        0087
ttemp4                     (abs)        007F
wtemp                      (abs)        007E
wtemp0                     (abs)        007E
wtemp1                     (abs)        0080
wtemp2                     (abs)        0082
wtemp3                     (abs)        0084
wtemp4                     (abs)        0086
wtemp5                     (abs)        0088
wtemp6                     (abs)        007F
